// Jest Snapshot v1, https://goo.gl/fbAQLP

exports[`Definition renders correctly when message is exist 1`] = `
.emotion-0 {
  padding-bottom: 0.75rem;
  font-family: Open Sans,sans-serif;
  font-size: 1.125rem;
  line-height: 1.75rem;
}

<h2
  class="emotion-0 emotion-1"
>
  Test
</h2>
`;

exports[`Definition renders correctly when no input 1`] = `<span />`;
